PREHOOK: query: drop table if exists tx2
PREHOOK: type: DROPTABLE
POSTHOOK: query: drop table if exists tx2
POSTHOOK: type: DROPTABLE
PREHOOK: query: create table tx2 (a integer,b integer,c integer,d double,u string,bi binary) stored as orc
PREHOOK: type: CREATETABLE
PREHOOK: Output: database:default
PREHOOK: Output: default@tx2
POSTHOOK: query: create table tx2 (a integer,b integer,c integer,d double,u string,bi binary) stored as orc
POSTHOOK: type: CREATETABLE
POSTHOOK: Output: database:default
POSTHOOK: Output: default@tx2
PREHOOK: query: select  sum(c),
	max(u),
	'asd',
        grouping(b),
	'NULL,1' as expected
from    tx2
where	a<0
group by a,b,d grouping sets ((), b, a, d)
PREHOOK: type: QUERY
PREHOOK: Input: default@tx2
#### A masked pattern was here ####
POSTHOOK: query: select  sum(c),
	max(u),
	'asd',
        grouping(b),
	'NULL,1' as expected
from    tx2
where	a<0
group by a,b,d grouping sets ((), b, a, d)
POSTHOOK: type: QUERY
POSTHOOK: Input: default@tx2
#### A masked pattern was here ####
PREHOOK: query: insert into tx2 values
(1,2,3,1.1,'x','b'),
(3,2,3,1.1,'y','b')
PREHOOK: type: QUERY
PREHOOK: Input: _dummy_database@_dummy_table
PREHOOK: Output: default@tx2
POSTHOOK: query: insert into tx2 values
(1,2,3,1.1,'x','b'),
(3,2,3,1.1,'y','b')
POSTHOOK: type: QUERY
POSTHOOK: Input: _dummy_database@_dummy_table
POSTHOOK: Output: default@tx2
POSTHOOK: Lineage: tx2.a SCRIPT []
POSTHOOK: Lineage: tx2.b SCRIPT []
POSTHOOK: Lineage: tx2.bi SCRIPT []
POSTHOOK: Lineage: tx2.c SCRIPT []
POSTHOOK: Lineage: tx2.d SCRIPT []
POSTHOOK: Lineage: tx2.u SCRIPT []
PREHOOK: query: select  sum(a),
	u,
	bi,
	'asd',
        grouping(bi),
	'NULL,1' as expected
from    tx2
where	a=2
group by a,u,bi grouping sets ( u, (), bi)
PREHOOK: type: QUERY
PREHOOK: Input: default@tx2
#### A masked pattern was here ####
POSTHOOK: query: select  sum(a),
	u,
	bi,
	'asd',
        grouping(bi),
	'NULL,1' as expected
from    tx2
where	a=2
group by a,u,bi grouping sets ( u, (), bi)
POSTHOOK: type: QUERY
POSTHOOK: Input: default@tx2
#### A masked pattern was here ####
