PREHOOK: query: explain
select  c_last_name
       ,c_first_name
       ,ca_city
       ,bought_city
       ,ss_ticket_number
       ,extended_price
       ,extended_tax
       ,list_price
 from (select ss_ticket_number
             ,ss_customer_sk
             ,ca_city bought_city
             ,sum(ss_ext_sales_price) extended_price 
             ,sum(ss_ext_list_price) list_price
             ,sum(ss_ext_tax) extended_tax 
       from store_sales
           ,date_dim
           ,store
           ,household_demographics
           ,customer_address 
       where store_sales.ss_sold_date_sk = date_dim.d_date_sk
         and store_sales.ss_store_sk = store.s_store_sk  
        and store_sales.ss_hdemo_sk = household_demographics.hd_demo_sk
        and store_sales.ss_addr_sk = customer_address.ca_address_sk
        and date_dim.d_dom between 1 and 2 
        and (household_demographics.hd_dep_count = 2 or
             household_demographics.hd_vehicle_count= 1)
        and date_dim.d_year in (1998,1998+1,1998+2)
        and store.s_city in ('Cedar Grove','Wildwood')
       group by ss_ticket_number
               ,ss_customer_sk
               ,ss_addr_sk,ca_city) dn
      ,customer
      ,customer_address current_addr
 where ss_customer_sk = c_customer_sk
   and customer.c_current_addr_sk = current_addr.ca_address_sk
   and current_addr.ca_city <> bought_city
 order by c_last_name
         ,ss_ticket_number
 limit 100
PREHOOK: type: QUERY
POSTHOOK: query: explain
select  c_last_name
       ,c_first_name
       ,ca_city
       ,bought_city
       ,ss_ticket_number
       ,extended_price
       ,extended_tax
       ,list_price
 from (select ss_ticket_number
             ,ss_customer_sk
             ,ca_city bought_city
             ,sum(ss_ext_sales_price) extended_price 
             ,sum(ss_ext_list_price) list_price
             ,sum(ss_ext_tax) extended_tax 
       from store_sales
           ,date_dim
           ,store
           ,household_demographics
           ,customer_address 
       where store_sales.ss_sold_date_sk = date_dim.d_date_sk
         and store_sales.ss_store_sk = store.s_store_sk  
        and store_sales.ss_hdemo_sk = household_demographics.hd_demo_sk
        and store_sales.ss_addr_sk = customer_address.ca_address_sk
        and date_dim.d_dom between 1 and 2 
        and (household_demographics.hd_dep_count = 2 or
             household_demographics.hd_vehicle_count= 1)
        and date_dim.d_year in (1998,1998+1,1998+2)
        and store.s_city in ('Cedar Grove','Wildwood')
       group by ss_ticket_number
               ,ss_customer_sk
               ,ss_addr_sk,ca_city) dn
      ,customer
      ,customer_address current_addr
 where ss_customer_sk = c_customer_sk
   and customer.c_current_addr_sk = current_addr.ca_address_sk
   and current_addr.ca_city <> bought_city
 order by c_last_name
         ,ss_ticket_number
 limit 100
POSTHOOK: type: QUERY
Plan optimized by CBO.

Vertex dependency in root stage
Map 10 <- Reducer 16 (BROADCAST_EDGE), Reducer 18 (BROADCAST_EDGE), Reducer 20 (BROADCAST_EDGE), Reducer 5 (BROADCAST_EDGE), Reducer 9 (BROADCAST_EDGE)
Reducer 11 <- Map 10 (SIMPLE_EDGE), Map 15 (SIMPLE_EDGE)
Reducer 12 <- Map 17 (SIMPLE_EDGE), Reducer 11 (SIMPLE_EDGE)
Reducer 13 <- Map 19 (SIMPLE_EDGE), Reducer 12 (SIMPLE_EDGE)
Reducer 14 <- Reducer 13 (SIMPLE_EDGE)
Reducer 16 <- Map 15 (CUSTOM_SIMPLE_EDGE)
Reducer 18 <- Map 17 (CUSTOM_SIMPLE_EDGE)
Reducer 2 <- Map 1 (SIMPLE_EDGE), Map 6 (SIMPLE_EDGE)
Reducer 20 <- Map 19 (CUSTOM_SIMPLE_EDGE)
Reducer 3 <- Reducer 2 (SIMPLE_EDGE), Reducer 8 (SIMPLE_EDGE)
Reducer 4 <- Reducer 3 (SIMPLE_EDGE)
Reducer 5 <- Reducer 2 (CUSTOM_SIMPLE_EDGE)
Reducer 7 <- Map 6 (SIMPLE_EDGE)
Reducer 8 <- Reducer 14 (SIMPLE_EDGE), Reducer 7 (SIMPLE_EDGE)
Reducer 9 <- Reducer 7 (CUSTOM_SIMPLE_EDGE)

Stage-0
  Fetch Operator
    limit:100
    Stage-1
      Reducer 4 vectorized
      File Output Operator [FS_203]
        Limit [LIM_202] (rows=100 width=88)
          Number of rows:100
          Select Operator [SEL_201] (rows=463823414 width=88)
            Output:["_col0","_col1","_col2","_col3","_col4","_col5","_col6","_col7"]
          <-Reducer 3 [SIMPLE_EDGE]
            SHUFFLE [RS_54]
              Select Operator [SEL_53] (rows=463823414 width=88)
                Output:["_col0","_col1","_col2","_col3","_col4","_col5","_col6","_col7"]
                Filter Operator [FIL_52] (rows=463823414 width=88)
                  predicate:(_col5 <> _col8)
                  Merge Join Operator [MERGEJOIN_153] (rows=463823414 width=88)
                    Conds:RS_49._col0=RS_50._col1(Inner),Output:["_col2","_col3","_col5","_col6","_col8","_col9","_col10","_col11"]
                  <-Reducer 2 [SIMPLE_EDGE]
                    PARTITION_ONLY_SHUFFLE [RS_49]
                      PartitionCols:_col0
                      Merge Join Operator [MERGEJOIN_148] (rows=88000001 width=860)
                        Conds:RS_156._col1=RS_159._col0(Inner),Output:["_col0","_col2","_col3","_col5"]
                      <-Map 6 [SIMPLE_EDGE] vectorized
                        SHUFFLE [RS_159]
                          PartitionCols:_col0
                          Select Operator [SEL_158] (rows=40000000 width=1014)
                            Output:["_col0","_col1"]
                            Filter Operator [FIL_157] (rows=40000000 width=1014)
                              predicate:ca_address_sk is not null
                              TableScan [TS_3] (rows=40000000 width=1014)
                                default@customer_address,current_addr,Tbl:COMPLETE,Col:NONE,Output:["ca_address_sk","ca_city"]
                      <-Map 1 [SIMPLE_EDGE] vectorized
                        SHUFFLE [RS_156]
                          PartitionCols:_col1
                          Select Operator [SEL_155] (rows=80000000 width=860)
                            Output:["_col0","_col1","_col2","_col3"]
                            Filter Operator [FIL_154] (rows=80000000 width=860)
                              predicate:(c_current_addr_sk is not null and c_customer_sk is not null)
                              TableScan [TS_0] (rows=80000000 width=860)
                                default@customer,customer,Tbl:COMPLETE,Col:NONE,Output:["c_customer_sk","c_current_addr_sk","c_first_name","c_last_name"]
                  <-Reducer 8 [SIMPLE_EDGE]
                    SHUFFLE [RS_50]
                      PartitionCols:_col1
                      Select Operator [SEL_43] (rows=421657640 width=88)
                        Output:["_col0","_col1","_col2","_col3","_col4","_col5"]
                        Merge Join Operator [MERGEJOIN_152] (rows=421657640 width=88)
                          Conds:RS_163._col0=RS_200._col1(Inner),Output:["_col1","_col2","_col3","_col5","_col6","_col7","_col8"]
                        <-Reducer 7 [SIMPLE_EDGE] vectorized
                          PARTITION_ONLY_SHUFFLE [RS_163]
                            PartitionCols:_col0
                            Group By Operator [GBY_162] (rows=20000000 width=1014)
                              Output:["_col0","_col1","_col2"],aggregations:["count(VALUE._col0)"],keys:KEY._col0, KEY._col1
                            <-Map 6 [SIMPLE_EDGE] vectorized
                              SHUFFLE [RS_161]
                                PartitionCols:_col0, _col1
                                Group By Operator [GBY_160] (rows=40000000 width=1014)
                                  Output:["_col0","_col1","_col2"],aggregations:["count()"],keys:_col0, _col1
                                   Please refer to the previous Select Operator [SEL_158]
                        <-Reducer 14 [SIMPLE_EDGE] vectorized
                          SHUFFLE [RS_200]
                            PartitionCols:_col1
                            Select Operator [SEL_199] (rows=383325119 width=88)
                              Output:["_col0","_col1","_col2","_col3","_col4","_col5"]
                              Group By Operator [GBY_198] (rows=383325119 width=88)
                                Output:["_col0","_col1","_col2","_col3","_col4","_col5"],aggregations:["sum(VALUE._col0)","sum(VALUE._col1)","sum(VALUE._col2)"],keys:KEY._col0, KEY._col1, KEY._col2
                              <-Reducer 13 [SIMPLE_EDGE]
                                SHUFFLE [RS_37]
                                  PartitionCols:_col0, _col1, _col2
                                  Group By Operator [GBY_36] (rows=766650239 width=88)
                                    Output:["_col0","_col1","_col2","_col3","_col4","_col5"],aggregations:["sum(_col6)","sum(_col7)","sum(_col8)"],keys:_col3, _col1, _col5
                                    Merge Join Operator [MERGEJOIN_151] (rows=766650239 width=88)
                                      Conds:RS_32._col2=RS_185._col0(Inner),Output:["_col1","_col3","_col5","_col6","_col7","_col8"]
                                    <-Map 19 [SIMPLE_EDGE] vectorized
                                      PARTITION_ONLY_SHUFFLE [RS_185]
                                        PartitionCols:_col0
                                        Select Operator [SEL_184] (rows=7200 width=107)
                                          Output:["_col0"]
                                          Filter Operator [FIL_183] (rows=7200 width=107)
                                            predicate:(((hd_dep_count = 2) or (hd_vehicle_count = 1)) and hd_demo_sk is not null)
                                            TableScan [TS_23] (rows=7200 width=107)
                                              default@household_demographics,household_demographics,Tbl:COMPLETE,Col:NONE,Output:["hd_demo_sk","hd_dep_count","hd_vehicle_count"]
                                    <-Reducer 12 [SIMPLE_EDGE]
                                      SHUFFLE [RS_32]
                                        PartitionCols:_col2
                                        Merge Join Operator [MERGEJOIN_150] (rows=696954748 width=88)
                                          Conds:RS_29._col4=RS_177._col0(Inner),Output:["_col1","_col2","_col3","_col5","_col6","_col7","_col8"]
                                        <-Map 17 [SIMPLE_EDGE] vectorized
                                          PARTITION_ONLY_SHUFFLE [RS_177]
                                            PartitionCols:_col0
                                            Select Operator [SEL_176] (rows=1704 width=1910)
                                              Output:["_col0"]
                                              Filter Operator [FIL_175] (rows=1704 width=1910)
                                                predicate:((s_city) IN ('Cedar Grove', 'Wildwood') and s_store_sk is not null)
                                                TableScan [TS_20] (rows=1704 width=1910)
                                                  default@store,store,Tbl:COMPLETE,Col:NONE,Output:["s_store_sk","s_city"]
                                        <-Reducer 11 [SIMPLE_EDGE]
                                          SHUFFLE [RS_29]
                                            PartitionCols:_col4
                                            Merge Join Operator [MERGEJOIN_149] (rows=633595212 width=88)
                                              Conds:RS_197._col0=RS_169._col0(Inner),Output:["_col1","_col2","_col3","_col4","_col5","_col6","_col7","_col8"]
                                            <-Map 15 [SIMPLE_EDGE] vectorized
                                              PARTITION_ONLY_SHUFFLE [RS_169]
                                                PartitionCols:_col0
                                                Select Operator [SEL_168] (rows=73049 width=1119)
                                                  Output:["_col0"]
                                                  Filter Operator [FIL_167] (rows=73049 width=1119)
                                                    predicate:((d_year) IN (1998, 1999, 2000) and d_date_sk is not null and d_dom BETWEEN 1 AND 2)
                                                    TableScan [TS_17] (rows=73049 width=1119)
                                                      default@date_dim,date_dim,Tbl:COMPLETE,Col:NONE,Output:["d_date_sk","d_year","d_dom"]
                                            <-Map 10 [SIMPLE_EDGE] vectorized
                                              SHUFFLE [RS_197]
                                                PartitionCols:_col0
                                                Select Operator [SEL_196] (rows=575995635 width=88)
                                                  Output:["_col0","_col1","_col2","_col3","_col4","_col5","_col6","_col7","_col8"]
                                                  Filter Operator [FIL_195] (rows=575995635 width=88)
                                                    predicate:((ss_addr_sk BETWEEN DynamicValue(RS_40_customer_address_ca_address_sk_min) AND DynamicValue(RS_40_customer_address_ca_address_sk_max) and in_bloom_filter(ss_addr_sk, DynamicValue(RS_40_customer_address_ca_address_sk_bloom_filter))) and (ss_customer_sk BETWEEN DynamicValue(RS_49_customer_c_customer_sk_min) AND DynamicValue(RS_49_customer_c_customer_sk_max) and in_bloom_filter(ss_customer_sk, DynamicValue(RS_49_customer_c_customer_sk_bloom_filter))) and (ss_hdemo_sk BETWEEN DynamicValue(RS_33_household_demographics_hd_demo_sk_min) AND DynamicValue(RS_33_household_demographics_hd_demo_sk_max) and in_bloom_filter(ss_hdemo_sk, DynamicValue(RS_33_household_demographics_hd_demo_sk_bloom_filter))) and (ss_sold_date_sk BETWEEN DynamicValue(RS_27_date_dim_d_date_sk_min) AND DynamicValue(RS_27_date_dim_d_date_sk_max) and in_bloom_filter(ss_sold_date_sk, DynamicValue(RS_27_date_dim_d_date_sk_bloom_filter))) and (ss_store_sk BETWEEN DynamicValue(RS_30_store_s_store_sk_min) AND DynamicValue(RS_30_store_s_store_sk_max) and in_bloom_filter(ss_store_sk, DynamicValue(RS_30_store_s_store_sk_bloom_filter))) and ss_addr_sk is not null and ss_customer_sk is not null and ss_hdemo_sk is not null and ss_sold_date_sk is not null and ss_store_sk is not null)
                                                    TableScan [TS_14] (rows=575995635 width=88)
                                                      default@store_sales,store_sales,Tbl:COMPLETE,Col:NONE,Output:["ss_sold_date_sk","ss_customer_sk","ss_hdemo_sk","ss_addr_sk","ss_store_sk","ss_ticket_number","ss_ext_sales_price","ss_ext_list_price","ss_ext_tax"]
                                                    <-Reducer 16 [BROADCAST_EDGE] vectorized
                                                      BROADCAST [RS_174]
                                                        Group By Operator [GBY_173] (rows=1 width=12)
                                                          Output:["_col0","_col1","_col2"],aggregations:["min(VALUE._col0)","max(VALUE._col1)","bloom_filter(VALUE._col2, expectedEntries=1000000)"]
                                                        <-Map 15 [CUSTOM_SIMPLE_EDGE] vectorized
                                                          PARTITION_ONLY_SHUFFLE [RS_172]
                                                            Group By Operator [GBY_171] (rows=1 width=12)
                                                              Output:["_col0","_col1","_col2"],aggregations:["min(_col0)","max(_col0)","bloom_filter(_col0, expectedEntries=1000000)"]
                                                              Select Operator [SEL_170] (rows=73049 width=1119)
                                                                Output:["_col0"]
                                                                 Please refer to the previous Select Operator [SEL_168]
                                                    <-Reducer 18 [BROADCAST_EDGE] vectorized
                                                      BROADCAST [RS_182]
                                                        Group By Operator [GBY_181] (rows=1 width=12)
                                                          Output:["_col0","_col1","_col2"],aggregations:["min(VALUE._col0)","max(VALUE._col1)","bloom_filter(VALUE._col2, expectedEntries=1000000)"]
                                                        <-Map 17 [CUSTOM_SIMPLE_EDGE] vectorized
                                                          PARTITION_ONLY_SHUFFLE [RS_180]
                                                            Group By Operator [GBY_179] (rows=1 width=12)
                                                              Output:["_col0","_col1","_col2"],aggregations:["min(_col0)","max(_col0)","bloom_filter(_col0, expectedEntries=1000000)"]
                                                              Select Operator [SEL_178] (rows=1704 width=1910)
                                                                Output:["_col0"]
                                                                 Please refer to the previous Select Operator [SEL_176]
                                                    <-Reducer 20 [BROADCAST_EDGE] vectorized
                                                      BROADCAST [RS_190]
                                                        Group By Operator [GBY_189] (rows=1 width=12)
                                                          Output:["_col0","_col1","_col2"],aggregations:["min(VALUE._col0)","max(VALUE._col1)","bloom_filter(VALUE._col2, expectedEntries=1000000)"]
                                                        <-Map 19 [CUSTOM_SIMPLE_EDGE] vectorized
                                                          PARTITION_ONLY_SHUFFLE [RS_188]
                                                            Group By Operator [GBY_187] (rows=1 width=12)
                                                              Output:["_col0","_col1","_col2"],aggregations:["min(_col0)","max(_col0)","bloom_filter(_col0, expectedEntries=1000000)"]
                                                              Select Operator [SEL_186] (rows=7200 width=107)
                                                                Output:["_col0"]
                                                                 Please refer to the previous Select Operator [SEL_184]
                                                    <-Reducer 5 [BROADCAST_EDGE] vectorized
                                                      BROADCAST [RS_194]
                                                        Group By Operator [GBY_193] (rows=1 width=12)
                                                          Output:["_col0","_col1","_col2"],aggregations:["min(VALUE._col0)","max(VALUE._col1)","bloom_filter(VALUE._col2, expectedEntries=88000000)"]
                                                        <-Reducer 2 [CUSTOM_SIMPLE_EDGE]
                                                          PARTITION_ONLY_SHUFFLE [RS_130]
                                                            Group By Operator [GBY_129] (rows=1 width=12)
                                                              Output:["_col0","_col1","_col2"],aggregations:["min(_col0)","max(_col0)","bloom_filter(_col0, expectedEntries=88000000)"]
                                                              Select Operator [SEL_128] (rows=88000001 width=860)
                                                                Output:["_col0"]
                                                                 Please refer to the previous Merge Join Operator [MERGEJOIN_148]
                                                    <-Reducer 9 [BROADCAST_EDGE] vectorized
                                                      BROADCAST [RS_192]
                                                        Group By Operator [GBY_191] (rows=1 width=16)
                                                          Output:["_col0","_col1","_col2"],aggregations:["min(VALUE._col0)","max(VALUE._col1)","bloom_filter(VALUE._col2, expectedEntries=20000000)"]
                                                        <-Reducer 7 [CUSTOM_SIMPLE_EDGE] vectorized
                                                          PARTITION_ONLY_SHUFFLE [RS_166]
                                                            Group By Operator [GBY_165] (rows=1 width=16)
                                                              Output:["_col0","_col1","_col2"],aggregations:["min(_col0)","max(_col0)","bloom_filter(_col0, expectedEntries=20000000)"]
                                                              Select Operator [SEL_164] (rows=20000000 width=1014)
                                                                Output:["_col0"]
                                                                 Please refer to the previous Group By Operator [GBY_162]

