Warning: Shuffle Join MERGEJOIN[274][tables = [$hdt$_0, $hdt$_1, $hdt$_2, $hdt$_3]] in Stage 'Reducer 4' is a cross product
Warning: Shuffle Join MERGEJOIN[275][tables = [$hdt$_0, $hdt$_1, $hdt$_2, $hdt$_3, $hdt$_4]] in Stage 'Reducer 5' is a cross product
Warning: Shuffle Join MERGEJOIN[276][tables = [$hdt$_0, $hdt$_1]] in Stage 'Reducer 6' is a cross product
Warning: Shuffle Join MERGEJOIN[277][tables = [$hdt$_0, $hdt$_1]] in Stage 'Reducer 7' is a cross product
PREHOOK: query: explain
with my_customers as (
 select distinct c_customer_sk
        , c_current_addr_sk
 from   
        ( select cs_sold_date_sk sold_date_sk,
                 cs_bill_customer_sk customer_sk,
                 cs_item_sk item_sk
          from   catalog_sales
          union all
          select ws_sold_date_sk sold_date_sk,
                 ws_bill_customer_sk customer_sk,
                 ws_item_sk item_sk
          from   web_sales
         ) cs_or_ws_sales,
         item,
         date_dim,
         customer
 where   sold_date_sk = d_date_sk
         and item_sk = i_item_sk
         and i_category = 'Jewelry'
         and i_class = 'consignment'
         and c_customer_sk = cs_or_ws_sales.customer_sk
         and d_moy = 3
         and d_year = 1999
 )
 , my_revenue as (
 select c_customer_sk,
        sum(ss_ext_sales_price) as revenue
 from   my_customers,
        store_sales,
        customer_address,
        store,
        date_dim
 where  c_current_addr_sk = ca_address_sk
        and ca_county = s_county
        and ca_state = s_state
        and ss_sold_date_sk = d_date_sk
        and c_customer_sk = ss_customer_sk
        and d_month_seq between (select distinct d_month_seq+1
                                 from   date_dim where d_year = 1999 and d_moy = 3)
                           and  (select distinct d_month_seq+3
                                 from   date_dim where d_year = 1999 and d_moy = 3)
 group by c_customer_sk
 )
 , segments as
 (select cast((revenue/50) as int) as segment
  from   my_revenue
 )
  select  segment, count(*) as num_customers, segment*50 as segment_base
 from segments
 group by segment
 order by segment, num_customers
 limit 100
PREHOOK: type: QUERY
POSTHOOK: query: explain
with my_customers as (
 select distinct c_customer_sk
        , c_current_addr_sk
 from   
        ( select cs_sold_date_sk sold_date_sk,
                 cs_bill_customer_sk customer_sk,
                 cs_item_sk item_sk
          from   catalog_sales
          union all
          select ws_sold_date_sk sold_date_sk,
                 ws_bill_customer_sk customer_sk,
                 ws_item_sk item_sk
          from   web_sales
         ) cs_or_ws_sales,
         item,
         date_dim,
         customer
 where   sold_date_sk = d_date_sk
         and item_sk = i_item_sk
         and i_category = 'Jewelry'
         and i_class = 'consignment'
         and c_customer_sk = cs_or_ws_sales.customer_sk
         and d_moy = 3
         and d_year = 1999
 )
 , my_revenue as (
 select c_customer_sk,
        sum(ss_ext_sales_price) as revenue
 from   my_customers,
        store_sales,
        customer_address,
        store,
        date_dim
 where  c_current_addr_sk = ca_address_sk
        and ca_county = s_county
        and ca_state = s_state
        and ss_sold_date_sk = d_date_sk
        and c_customer_sk = ss_customer_sk
        and d_month_seq between (select distinct d_month_seq+1
                                 from   date_dim where d_year = 1999 and d_moy = 3)
                           and  (select distinct d_month_seq+3
                                 from   date_dim where d_year = 1999 and d_moy = 3)
 group by c_customer_sk
 )
 , segments as
 (select cast((revenue/50) as int) as segment
  from   my_revenue
 )
  select  segment, count(*) as num_customers, segment*50 as segment_base
 from segments
 group by segment
 order by segment, num_customers
 limit 100
POSTHOOK: type: QUERY
Plan optimized by CBO.

Vertex dependency in root stage
Map 1 <- Reducer 12 (BROADCAST_EDGE), Reducer 20 (BROADCAST_EDGE)
Map 21 <- Reducer 20 (BROADCAST_EDGE), Reducer 27 (BROADCAST_EDGE), Reducer 29 (BROADCAST_EDGE), Union 22 (CONTAINS)
Map 25 <- Reducer 20 (BROADCAST_EDGE), Reducer 27 (BROADCAST_EDGE), Reducer 29 (BROADCAST_EDGE), Union 22 (CONTAINS)
Reducer 10 <- Reducer 9 (SIMPLE_EDGE)
Reducer 12 <- Map 11 (CUSTOM_SIMPLE_EDGE)
Reducer 14 <- Map 13 (SIMPLE_EDGE), Map 16 (SIMPLE_EDGE)
Reducer 15 <- Reducer 14 (SIMPLE_EDGE), Reducer 19 (SIMPLE_EDGE)
Reducer 18 <- Map 17 (SIMPLE_EDGE)
Reducer 19 <- Reducer 18 (SIMPLE_EDGE), Reducer 24 (SIMPLE_EDGE)
Reducer 2 <- Map 1 (SIMPLE_EDGE), Map 11 (SIMPLE_EDGE)
Reducer 20 <- Reducer 18 (CUSTOM_SIMPLE_EDGE)
Reducer 23 <- Map 26 (SIMPLE_EDGE), Union 22 (SIMPLE_EDGE)
Reducer 24 <- Map 28 (SIMPLE_EDGE), Reducer 23 (SIMPLE_EDGE)
Reducer 27 <- Map 26 (CUSTOM_SIMPLE_EDGE)
Reducer 29 <- Map 28 (CUSTOM_SIMPLE_EDGE)
Reducer 3 <- Reducer 15 (SIMPLE_EDGE), Reducer 2 (SIMPLE_EDGE)
Reducer 31 <- Map 30 (SIMPLE_EDGE)
Reducer 32 <- Reducer 31 (CUSTOM_SIMPLE_EDGE)
Reducer 33 <- Map 30 (SIMPLE_EDGE)
Reducer 34 <- Reducer 33 (CUSTOM_SIMPLE_EDGE)
Reducer 35 <- Map 30 (SIMPLE_EDGE)
Reducer 4 <- Reducer 3 (CUSTOM_SIMPLE_EDGE), Reducer 32 (CUSTOM_SIMPLE_EDGE)
Reducer 5 <- Reducer 31 (CUSTOM_SIMPLE_EDGE), Reducer 4 (CUSTOM_SIMPLE_EDGE)
Reducer 6 <- Reducer 34 (CUSTOM_SIMPLE_EDGE), Reducer 5 (CUSTOM_SIMPLE_EDGE)
Reducer 7 <- Reducer 35 (CUSTOM_SIMPLE_EDGE), Reducer 6 (CUSTOM_SIMPLE_EDGE)
Reducer 8 <- Reducer 7 (SIMPLE_EDGE)
Reducer 9 <- Reducer 8 (SIMPLE_EDGE)

Stage-0
  Fetch Operator
    limit:100
    Stage-1
      Reducer 10 vectorized
      File Output Operator [FS_368]
        Limit [LIM_367] (rows=100 width=158)
          Number of rows:100
          Select Operator [SEL_366] (rows=1614130953450400 width=158)
            Output:["_col0","_col1","_col2"]
          <-Reducer 9 [SIMPLE_EDGE] vectorized
            SHUFFLE [RS_365]
              Select Operator [SEL_364] (rows=1614130953450400 width=158)
                Output:["_col0","_col1","_col2"]
                Group By Operator [GBY_363] (rows=1614130953450400 width=158)
                  Output:["_col0","_col1"],aggregations:["count(VALUE._col0)"],keys:KEY._col0
                <-Reducer 8 [SIMPLE_EDGE] vectorized
                  SHUFFLE [RS_362]
                    PartitionCols:_col0
                    Group By Operator [GBY_361] (rows=3228261906900801 width=158)
                      Output:["_col0","_col1"],aggregations:["count()"],keys:_col0
                      Select Operator [SEL_360] (rows=3228261906900801 width=158)
                        Output:["_col0"]
                        Group By Operator [GBY_359] (rows=3228261906900801 width=158)
                          Output:["_col0","_col1"],aggregations:["sum(VALUE._col0)"],keys:KEY._col0
                        <-Reducer 7 [SIMPLE_EDGE]
                          SHUFFLE [RS_123]
                            PartitionCols:_col0
                            Group By Operator [GBY_122] (rows=6456523813801603 width=158)
                              Output:["_col0","_col1"],aggregations:["sum(_col1)"],keys:_col0
                              Select Operator [SEL_121] (rows=6456523813801603 width=158)
                                Output:["_col0","_col1"]
                                Filter Operator [FIL_120] (rows=6456523813801603 width=158)
                                  predicate:_col2 BETWEEN _col3 AND _col4
                                  Merge Join Operator [MERGEJOIN_277] (rows=58108714324214428 width=158)
                                    Conds:(Left Outer),Output:["_col0","_col1","_col2","_col3","_col4"]
                                  <-Reducer 35 [CUSTOM_SIMPLE_EDGE] vectorized
                                    PARTITION_ONLY_SHUFFLE [RS_358]
                                      Group By Operator [GBY_357] (rows=9131 width=1119)
                                        Output:["_col0"],keys:KEY._col0
                                      <-Map 30 [SIMPLE_EDGE] vectorized
                                        SHUFFLE [RS_339]
                                          PartitionCols:_col0
                                          Group By Operator [GBY_336] (rows=18262 width=1119)
                                            Output:["_col0"],keys:_col0
                                            Select Operator [SEL_333] (rows=18262 width=1119)
                                              Output:["_col0"]
                                              Filter Operator [FIL_330] (rows=18262 width=1119)
                                                predicate:((d_moy = 3) and (d_year = 1999))
                                                TableScan [TS_54] (rows=73049 width=1119)
                                                  default@date_dim,date_dim,Tbl:COMPLETE,Col:NONE,Output:["d_month_seq","d_year","d_moy"]
                                  <-Reducer 6 [CUSTOM_SIMPLE_EDGE]
                                    PARTITION_ONLY_SHUFFLE [RS_117]
                                      Select Operator [SEL_108] (rows=6363893803988 width=1226)
                                        Output:["_col0","_col1","_col2","_col3"]
                                        Merge Join Operator [MERGEJOIN_276] (rows=6363893803988 width=1226)
                                          Conds:(Inner),Output:["_col0","_col4","_col11","_col13"]
                                        <-Reducer 34 [CUSTOM_SIMPLE_EDGE] vectorized
                                          PARTITION_ONLY_SHUFFLE [RS_356]
                                            Select Operator [SEL_355] (rows=1 width=8)
                                              Filter Operator [FIL_354] (rows=1 width=8)
                                                predicate:(sq_count_check(_col0) <= 1)
                                                Group By Operator [GBY_353] (rows=1 width=8)
                                                  Output:["_col0"],aggregations:["count(VALUE._col0)"]
                                                <-Reducer 33 [CUSTOM_SIMPLE_EDGE] vectorized
                                                  PARTITION_ONLY_SHUFFLE [RS_352]
                                                    Group By Operator [GBY_351] (rows=1 width=8)
                                                      Output:["_col0"],aggregations:["count()"]
                                                      Select Operator [SEL_350] (rows=9131 width=1119)
                                                        Group By Operator [GBY_349] (rows=9131 width=1119)
                                                          Output:["_col0"],keys:KEY._col0
                                                        <-Map 30 [SIMPLE_EDGE] vectorized
                                                          SHUFFLE [RS_338]
                                                            PartitionCols:_col0
                                                            Group By Operator [GBY_335] (rows=18262 width=1119)
                                                              Output:["_col0"],keys:_col0
                                                              Select Operator [SEL_332] (rows=18262 width=1119)
                                                                Output:["_col0"]
                                                                 Please refer to the previous Filter Operator [FIL_330]
                                        <-Reducer 5 [CUSTOM_SIMPLE_EDGE]
                                          PARTITION_ONLY_SHUFFLE [RS_105]
                                            Select Operator [SEL_89] (rows=6363893803988 width=1217)
                                              Output:["_col0","_col4","_col11","_col13"]
                                              Merge Join Operator [MERGEJOIN_275] (rows=6363893803988 width=1217)
                                                Conds:(Left Outer),Output:["_col2","_col4","_col10","_col13"]
                                              <-Reducer 31 [CUSTOM_SIMPLE_EDGE] vectorized
                                                PARTITION_ONLY_SHUFFLE [RS_342]
                                                  Group By Operator [GBY_340] (rows=9131 width=1119)
                                                    Output:["_col0"],keys:KEY._col0
                                                  <-Map 30 [SIMPLE_EDGE] vectorized
                                                    SHUFFLE [RS_337]
                                                      PartitionCols:_col0
                                                      Group By Operator [GBY_334] (rows=18262 width=1119)
                                                        Output:["_col0"],keys:_col0
                                                        Select Operator [SEL_331] (rows=18262 width=1119)
                                                          Output:["_col0"]
                                                           Please refer to the previous Filter Operator [FIL_330]
                                              <-Reducer 4 [CUSTOM_SIMPLE_EDGE]
                                                PARTITION_ONLY_SHUFFLE [RS_86]
                                                  Merge Join Operator [MERGEJOIN_274] (rows=696954748 width=97)
                                                    Conds:(Inner),Output:["_col2","_col4","_col10"]
                                                  <-Reducer 3 [CUSTOM_SIMPLE_EDGE]
                                                    PARTITION_ONLY_SHUFFLE [RS_83]
                                                      Merge Join Operator [MERGEJOIN_273] (rows=696954748 width=88)
                                                        Conds:RS_80._col1=RS_81._col5(Inner),Output:["_col2","_col4","_col10"]
                                                      <-Reducer 15 [SIMPLE_EDGE]
                                                        SHUFFLE [RS_81]
                                                          PartitionCols:_col5
                                                          Merge Join Operator [MERGEJOIN_272] (rows=632480277 width=135)
                                                            Conds:RS_50._col0=RS_51._col1(Inner),Output:["_col5"]
                                                          <-Reducer 14 [SIMPLE_EDGE]
                                                            SHUFFLE [RS_50]
                                                              PartitionCols:_col0
                                                              Merge Join Operator [MERGEJOIN_268] (rows=44000000 width=1014)
                                                                Conds:RS_314._col1, _col2=RS_317._col0, _col1(Inner),Output:["_col0"]
                                                              <-Map 13 [SIMPLE_EDGE] vectorized
                                                                SHUFFLE [RS_314]
                                                                  PartitionCols:_col1, _col2
                                                                  Select Operator [SEL_313] (rows=40000000 width=1014)
                                                                    Output:["_col0","_col1","_col2"]
                                                                    Filter Operator [FIL_312] (rows=40000000 width=1014)
                                                                      predicate:(ca_address_sk is not null and ca_county is not null and ca_state is not null)
                                                                      TableScan [TS_6] (rows=40000000 width=1014)
                                                                        default@customer_address,customer_address,Tbl:COMPLETE,Col:NONE,Output:["ca_address_sk","ca_county","ca_state"]
                                                              <-Map 16 [SIMPLE_EDGE] vectorized
                                                                SHUFFLE [RS_317]
                                                                  PartitionCols:_col0, _col1
                                                                  Select Operator [SEL_316] (rows=1704 width=1910)
                                                                    Output:["_col0","_col1"]
                                                                    Filter Operator [FIL_315] (rows=1704 width=1910)
                                                                      predicate:(s_county is not null and s_state is not null)
                                                                      TableScan [TS_9] (rows=1704 width=1910)
                                                                        default@store,store,Tbl:COMPLETE,Col:NONE,Output:["s_county","s_state"]
                                                          <-Reducer 19 [SIMPLE_EDGE]
                                                            SHUFFLE [RS_51]
                                                              PartitionCols:_col1
                                                              Merge Join Operator [MERGEJOIN_271] (rows=574982058 width=135)
                                                                Conds:RS_301._col0=RS_44._col0(Left Semi),Output:["_col0","_col1"]
                                                              <-Reducer 18 [SIMPLE_EDGE] vectorized
                                                                PARTITION_ONLY_SHUFFLE [RS_301]
                                                                  PartitionCols:_col0
                                                                  Group By Operator [GBY_300] (rows=40000000 width=860)
                                                                    Output:["_col0","_col1"],keys:KEY._col0, KEY._col1
                                                                  <-Map 17 [SIMPLE_EDGE] vectorized
                                                                    SHUFFLE [RS_299]
                                                                      PartitionCols:_col0, _col1
                                                                      Group By Operator [GBY_298] (rows=80000000 width=860)
                                                                        Output:["_col0","_col1"],keys:_col0, _col1
                                                                        Select Operator [SEL_297] (rows=80000000 width=860)
                                                                          Output:["_col0","_col1"]
                                                                          Filter Operator [FIL_296] (rows=80000000 width=860)
                                                                            predicate:(c_current_addr_sk is not null and c_customer_sk is not null)
                                                                            TableScan [TS_12] (rows=80000000 width=860)
                                                                              default@customer,customer,Tbl:COMPLETE,Col:NONE,Output:["c_customer_sk","c_current_addr_sk"]
                                                              <-Reducer 24 [SIMPLE_EDGE]
                                                                SHUFFLE [RS_44]
                                                                  PartitionCols:_col0
                                                                  Group By Operator [GBY_42] (rows=522710951 width=135)
                                                                    Output:["_col0"],keys:_col0
                                                                    Select Operator [SEL_40] (rows=522710951 width=135)
                                                                      Output:["_col0"]
                                                                      Merge Join Operator [MERGEJOIN_270] (rows=522710951 width=135)
                                                                        Conds:RS_37._col2=RS_326._col0(Inner),Output:["_col1"]
                                                                      <-Map 28 [SIMPLE_EDGE] vectorized
                                                                        PARTITION_ONLY_SHUFFLE [RS_326]
                                                                          PartitionCols:_col0
                                                                          Select Operator [SEL_325] (rows=115500 width=1436)
                                                                            Output:["_col0"]
                                                                            Filter Operator [FIL_324] (rows=115500 width=1436)
                                                                              predicate:((i_category = 'Jewelry') and (i_class = 'consignment') and i_item_sk is not null)
                                                                              TableScan [TS_31] (rows=462000 width=1436)
                                                                                default@item,item,Tbl:COMPLETE,Col:NONE,Output:["i_item_sk","i_class","i_category"]
                                                                      <-Reducer 23 [SIMPLE_EDGE]
                                                                        SHUFFLE [RS_37]
                                                                          PartitionCols:_col2
                                                                          Merge Join Operator [MERGEJOIN_269] (rows=475191764 width=135)
                                                                            Conds:Union 22._col0=RS_320._col0(Inner),Output:["_col1","_col2"]
                                                                          <-Map 26 [SIMPLE_EDGE] vectorized
                                                                            PARTITION_ONLY_SHUFFLE [RS_320]
                                                                              PartitionCols:_col0
                                                                              Select Operator [SEL_319] (rows=18262 width=1119)
                                                                                Output:["_col0"]
                                                                                Filter Operator [FIL_318] (rows=18262 width=1119)
                                                                                  predicate:((d_moy = 3) and (d_year = 1999) and d_date_sk is not null)
                                                                                  TableScan [TS_28] (rows=73049 width=1119)
                                                                                    default@date_dim,date_dim,Tbl:COMPLETE,Col:NONE,Output:["d_date_sk","d_year","d_moy"]
                                                                          <-Union 22 [SIMPLE_EDGE]
                                                                            <-Map 21 [CONTAINS] vectorized
                                                                              Reduce Output Operator [RS_377]
                                                                                PartitionCols:_col0
                                                                                Select Operator [SEL_376] (rows=287989836 width=135)
                                                                                  Output:["_col0","_col1","_col2"]
                                                                                  Filter Operator [FIL_375] (rows=287989836 width=135)
                                                                                    predicate:((cs_bill_customer_sk BETWEEN DynamicValue(RS_43_customer_c_customer_sk_min) AND DynamicValue(RS_43_customer_c_customer_sk_max) and in_bloom_filter(cs_bill_customer_sk, DynamicValue(RS_43_customer_c_customer_sk_bloom_filter))) and (cs_item_sk BETWEEN DynamicValue(RS_38_item_i_item_sk_min) AND DynamicValue(RS_38_item_i_item_sk_max) and in_bloom_filter(cs_item_sk, DynamicValue(RS_38_item_i_item_sk_bloom_filter))) and (cs_sold_date_sk BETWEEN DynamicValue(RS_35_date_dim_d_date_sk_min) AND DynamicValue(RS_35_date_dim_d_date_sk_max) and in_bloom_filter(cs_sold_date_sk, DynamicValue(RS_35_date_dim_d_date_sk_bloom_filter))) and cs_bill_customer_sk is not null and cs_item_sk is not null and cs_sold_date_sk is not null)
                                                                                    TableScan [TS_278] (rows=287989836 width=135)
                                                                                      Output:["cs_sold_date_sk","cs_bill_customer_sk","cs_item_sk"]
                                                                                    <-Reducer 20 [BROADCAST_EDGE] vectorized
                                                                                      BROADCAST [RS_307]
                                                                                        Group By Operator [GBY_305] (rows=1 width=12)
                                                                                          Output:["_col0","_col1","_col2"],aggregations:["min(VALUE._col0)","max(VALUE._col1)","bloom_filter(VALUE._col2, expectedEntries=40000000)"]
                                                                                        <-Reducer 18 [CUSTOM_SIMPLE_EDGE] vectorized
                                                                                          PARTITION_ONLY_SHUFFLE [RS_304]
                                                                                            Group By Operator [GBY_303] (rows=1 width=12)
                                                                                              Output:["_col0","_col1","_col2"],aggregations:["min(_col0)","max(_col0)","bloom_filter(_col0, expectedEntries=40000000)"]
                                                                                              Select Operator [SEL_302] (rows=40000000 width=860)
                                                                                                Output:["_col0"]
                                                                                                 Please refer to the previous Group By Operator [GBY_300]
                                                                                    <-Reducer 27 [BROADCAST_EDGE] vectorized
                                                                                      BROADCAST [RS_370]
                                                                                        Group By Operator [GBY_369] (rows=1 width=12)
                                                                                          Output:["_col0","_col1","_col2"],aggregations:["min(VALUE._col0)","max(VALUE._col1)","bloom_filter(VALUE._col2, expectedEntries=1000000)"]
                                                                                        <-Map 26 [CUSTOM_SIMPLE_EDGE] vectorized
                                                                                          PARTITION_ONLY_SHUFFLE [RS_323]
                                                                                            Group By Operator [GBY_322] (rows=1 width=12)
                                                                                              Output:["_col0","_col1","_col2"],aggregations:["min(_col0)","max(_col0)","bloom_filter(_col0, expectedEntries=1000000)"]
                                                                                              Select Operator [SEL_321] (rows=18262 width=1119)
                                                                                                Output:["_col0"]
                                                                                                 Please refer to the previous Select Operator [SEL_319]
                                                                                    <-Reducer 29 [BROADCAST_EDGE] vectorized
                                                                                      BROADCAST [RS_373]
                                                                                        Group By Operator [GBY_372] (rows=1 width=12)
                                                                                          Output:["_col0","_col1","_col2"],aggregations:["min(VALUE._col0)","max(VALUE._col1)","bloom_filter(VALUE._col2, expectedEntries=1000000)"]
                                                                                        <-Map 28 [CUSTOM_SIMPLE_EDGE] vectorized
                                                                                          PARTITION_ONLY_SHUFFLE [RS_329]
                                                                                            Group By Operator [GBY_328] (rows=1 width=12)
                                                                                              Output:["_col0","_col1","_col2"],aggregations:["min(_col0)","max(_col0)","bloom_filter(_col0, expectedEntries=1000000)"]
                                                                                              Select Operator [SEL_327] (rows=115500 width=1436)
                                                                                                Output:["_col0"]
                                                                                                 Please refer to the previous Select Operator [SEL_325]
                                                                            <-Map 25 [CONTAINS] vectorized
                                                                              Reduce Output Operator [RS_380]
                                                                                PartitionCols:_col0
                                                                                Select Operator [SEL_379] (rows=144002668 width=135)
                                                                                  Output:["_col0","_col1","_col2"]
                                                                                  Filter Operator [FIL_378] (rows=144002668 width=135)
                                                                                    predicate:((ws_bill_customer_sk BETWEEN DynamicValue(RS_43_customer_c_customer_sk_min) AND DynamicValue(RS_43_customer_c_customer_sk_max) and in_bloom_filter(ws_bill_customer_sk, DynamicValue(RS_43_customer_c_customer_sk_bloom_filter))) and (ws_item_sk BETWEEN DynamicValue(RS_38_item_i_item_sk_min) AND DynamicValue(RS_38_item_i_item_sk_max) and in_bloom_filter(ws_item_sk, DynamicValue(RS_38_item_i_item_sk_bloom_filter))) and (ws_sold_date_sk BETWEEN DynamicValue(RS_35_date_dim_d_date_sk_min) AND DynamicValue(RS_35_date_dim_d_date_sk_max) and in_bloom_filter(ws_sold_date_sk, DynamicValue(RS_35_date_dim_d_date_sk_bloom_filter))) and ws_bill_customer_sk is not null and ws_item_sk is not null and ws_sold_date_sk is not null)
                                                                                    TableScan [TS_283] (rows=144002668 width=135)
                                                                                      Output:["ws_sold_date_sk","ws_item_sk","ws_bill_customer_sk"]
                                                                                    <-Reducer 20 [BROADCAST_EDGE] vectorized
                                                                                      BROADCAST [RS_308]
                                                                                         Please refer to the previous Group By Operator [GBY_305]
                                                                                    <-Reducer 27 [BROADCAST_EDGE] vectorized
                                                                                      BROADCAST [RS_371]
                                                                                         Please refer to the previous Group By Operator [GBY_369]
                                                                                    <-Reducer 29 [BROADCAST_EDGE] vectorized
                                                                                      BROADCAST [RS_374]
                                                                                         Please refer to the previous Group By Operator [GBY_372]
                                                      <-Reducer 2 [SIMPLE_EDGE]
                                                        SHUFFLE [RS_80]
                                                          PartitionCols:_col1
                                                          Merge Join Operator [MERGEJOIN_267] (rows=633595212 width=88)
                                                            Conds:RS_311._col0=RS_290._col0(Inner),Output:["_col1","_col2","_col4"]
                                                          <-Map 11 [SIMPLE_EDGE] vectorized
                                                            SHUFFLE [RS_290]
                                                              PartitionCols:_col0
                                                              Select Operator [SEL_289] (rows=73049 width=1119)
                                                                Output:["_col0","_col1"]
                                                                Filter Operator [FIL_288] (rows=73049 width=1119)
                                                                  predicate:d_date_sk is not null
                                                                  TableScan [TS_3] (rows=73049 width=1119)
                                                                    default@date_dim,date_dim,Tbl:COMPLETE,Col:NONE,Output:["d_date_sk","d_month_seq"]
                                                          <-Map 1 [SIMPLE_EDGE] vectorized
                                                            SHUFFLE [RS_311]
                                                              PartitionCols:_col0
                                                              Select Operator [SEL_310] (rows=575995635 width=88)
                                                                Output:["_col0","_col1","_col2"]
                                                                Filter Operator [FIL_309] (rows=575995635 width=88)
                                                                  predicate:((ss_customer_sk BETWEEN DynamicValue(RS_43_customer_c_customer_sk_min) AND DynamicValue(RS_43_customer_c_customer_sk_max) and in_bloom_filter(ss_customer_sk, DynamicValue(RS_43_customer_c_customer_sk_bloom_filter))) and (ss_sold_date_sk BETWEEN DynamicValue(RS_78_date_dim_d_date_sk_min) AND DynamicValue(RS_78_date_dim_d_date_sk_max) and in_bloom_filter(ss_sold_date_sk, DynamicValue(RS_78_date_dim_d_date_sk_bloom_filter))) and ss_customer_sk is not null and ss_sold_date_sk is not null)
                                                                  TableScan [TS_0] (rows=575995635 width=88)
                                                                    default@store_sales,store_sales,Tbl:COMPLETE,Col:NONE,Output:["ss_sold_date_sk","ss_customer_sk","ss_ext_sales_price"]
                                                                  <-Reducer 20 [BROADCAST_EDGE] vectorized
                                                                    BROADCAST [RS_306]
                                                                       Please refer to the previous Group By Operator [GBY_305]
                                                                  <-Reducer 12 [BROADCAST_EDGE] vectorized
                                                                    BROADCAST [RS_295]
                                                                      Group By Operator [GBY_294] (rows=1 width=12)
                                                                        Output:["_col0","_col1","_col2"],aggregations:["min(VALUE._col0)","max(VALUE._col1)","bloom_filter(VALUE._col2, expectedEntries=1000000)"]
                                                                      <-Map 11 [CUSTOM_SIMPLE_EDGE] vectorized
                                                                        SHUFFLE [RS_293]
                                                                          Group By Operator [GBY_292] (rows=1 width=12)
                                                                            Output:["_col0","_col1","_col2"],aggregations:["min(_col0)","max(_col0)","bloom_filter(_col0, expectedEntries=1000000)"]
                                                                            Select Operator [SEL_291] (rows=73049 width=1119)
                                                                              Output:["_col0"]
                                                                               Please refer to the previous Select Operator [SEL_289]
                                                  <-Reducer 32 [CUSTOM_SIMPLE_EDGE] vectorized
                                                    PARTITION_ONLY_SHUFFLE [RS_348]
                                                      Select Operator [SEL_347] (rows=1 width=8)
                                                        Filter Operator [FIL_346] (rows=1 width=8)
                                                          predicate:(sq_count_check(_col0) <= 1)
                                                          Group By Operator [GBY_345] (rows=1 width=8)
                                                            Output:["_col0"],aggregations:["count(VALUE._col0)"]
                                                          <-Reducer 31 [CUSTOM_SIMPLE_EDGE] vectorized
                                                            PARTITION_ONLY_SHUFFLE [RS_344]
                                                              Group By Operator [GBY_343] (rows=1 width=8)
                                                                Output:["_col0"],aggregations:["count()"]
                                                                Select Operator [SEL_341] (rows=9131 width=1119)
                                                                   Please refer to the previous Group By Operator [GBY_340]

