PREHOOK: query: explain
with customer_total_return as
 (select wr_returning_customer_sk as ctr_customer_sk
        ,ca_state as ctr_state, 
 	sum(wr_return_amt) as ctr_total_return
 from web_returns
     ,date_dim
     ,customer_address
 where wr_returned_date_sk = d_date_sk 
   and d_year =2002
   and wr_returning_addr_sk = ca_address_sk 
 group by wr_returning_customer_sk
         ,ca_state)
  select  c_customer_id,c_salutation,c_first_name,c_last_name,c_preferred_cust_flag
       ,c_birth_day,c_birth_month,c_birth_year,c_birth_country,c_login,c_email_address
       ,c_last_review_date,ctr_total_return
 from customer_total_return ctr1
     ,customer_address
     ,customer
 where ctr1.ctr_total_return > (select avg(ctr_total_return)*1.2
 			  from customer_total_return ctr2 
                  	  where ctr1.ctr_state = ctr2.ctr_state)
       and ca_address_sk = c_current_addr_sk
       and ca_state = 'IL'
       and ctr1.ctr_customer_sk = c_customer_sk
 order by c_customer_id,c_salutation,c_first_name,c_last_name,c_preferred_cust_flag
                  ,c_birth_day,c_birth_month,c_birth_year,c_birth_country,c_login,c_email_address
                  ,c_last_review_date,ctr_total_return
limit 100
PREHOOK: type: QUERY
POSTHOOK: query: explain
with customer_total_return as
 (select wr_returning_customer_sk as ctr_customer_sk
        ,ca_state as ctr_state, 
 	sum(wr_return_amt) as ctr_total_return
 from web_returns
     ,date_dim
     ,customer_address
 where wr_returned_date_sk = d_date_sk 
   and d_year =2002
   and wr_returning_addr_sk = ca_address_sk 
 group by wr_returning_customer_sk
         ,ca_state)
  select  c_customer_id,c_salutation,c_first_name,c_last_name,c_preferred_cust_flag
       ,c_birth_day,c_birth_month,c_birth_year,c_birth_country,c_login,c_email_address
       ,c_last_review_date,ctr_total_return
 from customer_total_return ctr1
     ,customer_address
     ,customer
 where ctr1.ctr_total_return > (select avg(ctr_total_return)*1.2
 			  from customer_total_return ctr2 
                  	  where ctr1.ctr_state = ctr2.ctr_state)
       and ca_address_sk = c_current_addr_sk
       and ca_state = 'IL'
       and ctr1.ctr_customer_sk = c_customer_sk
 order by c_customer_id,c_salutation,c_first_name,c_last_name,c_preferred_cust_flag
                  ,c_birth_day,c_birth_month,c_birth_year,c_birth_country,c_login,c_email_address
                  ,c_last_review_date,ctr_total_return
limit 100
POSTHOOK: type: QUERY
Plan optimized by CBO.

Vertex dependency in root stage
Reducer 10 <- Map 5 (SIMPLE_EDGE)
Reducer 11 <- Reducer 10 (SIMPLE_EDGE), Reducer 17 (SIMPLE_EDGE)
Reducer 12 <- Reducer 11 (SIMPLE_EDGE)
Reducer 14 <- Map 13 (SIMPLE_EDGE), Map 18 (SIMPLE_EDGE)
Reducer 15 <- Reducer 14 (SIMPLE_EDGE)
Reducer 16 <- Map 13 (SIMPLE_EDGE), Map 18 (SIMPLE_EDGE)
Reducer 17 <- Reducer 16 (SIMPLE_EDGE)
Reducer 2 <- Map 1 (SIMPLE_EDGE), Map 5 (SIMPLE_EDGE)
Reducer 3 <- Reducer 2 (SIMPLE_EDGE), Reducer 9 (SIMPLE_EDGE)
Reducer 4 <- Reducer 3 (SIMPLE_EDGE)
Reducer 6 <- Map 5 (SIMPLE_EDGE)
Reducer 7 <- Reducer 15 (SIMPLE_EDGE), Reducer 6 (SIMPLE_EDGE)
Reducer 8 <- Reducer 7 (SIMPLE_EDGE)
Reducer 9 <- Reducer 12 (SIMPLE_EDGE), Reducer 8 (SIMPLE_EDGE)

Stage-0
  Fetch Operator
    limit:100
    Stage-1
      Reducer 4 vectorized
      File Output Operator [FS_244]
        Limit [LIM_243] (rows=100 width=860)
          Number of rows:100
          Select Operator [SEL_242] (rows=96800003 width=860)
            Output:["_col0","_col1","_col2","_col3","_col4","_col5","_col6","_col7","_col8","_col9","_col10","_col11","_col12"]
          <-Reducer 3 [SIMPLE_EDGE]
            SHUFFLE [RS_85]
              Select Operator [SEL_84] (rows=96800003 width=860)
                Output:["_col0","_col1","_col2","_col3","_col4","_col5","_col6","_col7","_col8","_col9","_col10","_col11","_col12"]
                Merge Join Operator [MERGEJOIN_199] (rows=96800003 width=860)
                  Conds:RS_81._col0=RS_82._col0(Inner),Output:["_col1","_col3","_col4","_col5","_col6","_col7","_col8","_col9","_col10","_col11","_col12","_col13","_col18"]
                <-Reducer 2 [SIMPLE_EDGE]
                  SHUFFLE [RS_81]
                    PartitionCols:_col0
                    Merge Join Operator [MERGEJOIN_193] (rows=88000001 width=860)
                      Conds:RS_202._col2=RS_209._col0(Inner),Output:["_col0","_col1","_col3","_col4","_col5","_col6","_col7","_col8","_col9","_col10","_col11","_col12","_col13"]
                    <-Map 5 [SIMPLE_EDGE] vectorized
                      SHUFFLE [RS_209]
                        PartitionCols:_col0
                        Select Operator [SEL_206] (rows=20000000 width=1014)
                          Output:["_col0"]
                          Filter Operator [FIL_203] (rows=20000000 width=1014)
                            predicate:((ca_state = 'IL') and ca_address_sk is not null)
                            TableScan [TS_3] (rows=40000000 width=1014)
                              default@customer_address,customer_address,Tbl:COMPLETE,Col:NONE,Output:["ca_address_sk","ca_state"]
                    <-Map 1 [SIMPLE_EDGE] vectorized
                      SHUFFLE [RS_202]
                        PartitionCols:_col2
                        Select Operator [SEL_201] (rows=80000000 width=860)
                          Output:["_col0","_col1","_col2","_col3","_col4","_col5","_col6","_col7","_col8","_col9","_col10","_col11","_col12","_col13"]
                          Filter Operator [FIL_200] (rows=80000000 width=860)
                            predicate:(c_current_addr_sk is not null and c_customer_sk is not null)
                            TableScan [TS_0] (rows=80000000 width=860)
                              default@customer,customer,Tbl:COMPLETE,Col:NONE,Output:["c_customer_sk","c_customer_id","c_current_addr_sk","c_salutation","c_first_name","c_last_name","c_preferred_cust_flag","c_birth_day","c_birth_month","c_birth_year","c_birth_country","c_login","c_email_address","c_last_review_date"]
                <-Reducer 9 [SIMPLE_EDGE]
                  SHUFFLE [RS_82]
                    PartitionCols:_col0
                    Select Operator [SEL_77] (rows=4033333 width=1014)
                      Output:["_col0","_col2"]
                      Filter Operator [FIL_76] (rows=4033333 width=1014)
                        predicate:(_col2 > _col3)
                        Merge Join Operator [MERGEJOIN_198] (rows=12100000 width=1014)
                          Conds:RS_231._col1=RS_241._col1(Inner),Output:["_col0","_col2","_col3"]
                        <-Reducer 12 [SIMPLE_EDGE] vectorized
                          SHUFFLE [RS_241]
                            PartitionCols:_col1
                            Select Operator [SEL_240] (rows=5500000 width=1014)
                              Output:["_col0","_col1"]
                              Group By Operator [GBY_239] (rows=5500000 width=1014)
                                Output:["_col0","_col1","_col2"],aggregations:["sum(_col2)","count(_col2)"],keys:_col0
                                Select Operator [SEL_238] (rows=11000000 width=1014)
                                  Output:["_col0","_col2"]
                                  Group By Operator [GBY_237] (rows=11000000 width=1014)
                                    Output:["_col0","_col1","_col2"],aggregations:["sum(VALUE._col0)"],keys:KEY._col0, KEY._col1
                                  <-Reducer 11 [SIMPLE_EDGE]
                                    SHUFFLE [RS_65]
                                      PartitionCols:_col0
                                      Group By Operator [GBY_64] (rows=22000000 width=1014)
                                        Output:["_col0","_col1","_col2"],aggregations:["sum(_col6)"],keys:_col1, _col3
                                        Select Operator [SEL_62] (rows=22000000 width=1014)
                                          Output:["_col1","_col3","_col6"]
                                          Merge Join Operator [MERGEJOIN_197] (rows=22000000 width=1014)
                                            Conds:RS_233._col0=RS_236._col1(Inner),Output:["_col1","_col2","_col3","_col5"]
                                          <-Reducer 10 [SIMPLE_EDGE] vectorized
                                            SHUFFLE [RS_233]
                                              PartitionCols:_col0
                                              Group By Operator [GBY_232] (rows=20000000 width=1014)
                                                Output:["_col0","_col1","_col2"],aggregations:["count(VALUE._col0)"],keys:KEY._col0, KEY._col1
                                              <-Map 5 [SIMPLE_EDGE] vectorized
                                                SHUFFLE [RS_213]
                                                  PartitionCols:_col0, _col1
                                                  Group By Operator [GBY_211] (rows=40000000 width=1014)
                                                    Output:["_col0","_col1","_col2"],aggregations:["count()"],keys:_col0, _col1
                                                    Select Operator [SEL_208] (rows=40000000 width=1014)
                                                      Output:["_col0","_col1"]
                                                      Filter Operator [FIL_205] (rows=40000000 width=1014)
                                                        predicate:(ca_address_sk is not null and ca_state is not null)
                                                         Please refer to the previous TableScan [TS_3]
                                          <-Reducer 17 [SIMPLE_EDGE] vectorized
                                            SHUFFLE [RS_236]
                                              PartitionCols:_col1
                                              Select Operator [SEL_235] (rows=7919157 width=92)
                                                Output:["_col0","_col1","_col2"]
                                                Group By Operator [GBY_234] (rows=7919157 width=92)
                                                  Output:["_col0","_col1","_col2"],aggregations:["sum(VALUE._col0)"],keys:KEY._col0, KEY._col1
                                                <-Reducer 16 [SIMPLE_EDGE]
                                                  SHUFFLE [RS_56]
                                                    PartitionCols:_col0, _col1
                                                    Group By Operator [GBY_55] (rows=15838314 width=92)
                                                      Output:["_col0","_col1","_col2"],aggregations:["sum(_col3)"],keys:_col2, _col1
                                                      Merge Join Operator [MERGEJOIN_195] (rows=15838314 width=92)
                                                        Conds:RS_221._col0=RS_225._col0(Inner),Output:["_col1","_col2","_col3"]
                                                      <-Map 13 [SIMPLE_EDGE] vectorized
                                                        SHUFFLE [RS_221]
                                                          PartitionCols:_col0
                                                          Select Operator [SEL_219] (rows=14398467 width=92)
                                                            Output:["_col0","_col1","_col2","_col3"]
                                                            Filter Operator [FIL_217] (rows=14398467 width=92)
                                                              predicate:(wr_returned_date_sk is not null and wr_returning_addr_sk is not null)
                                                              TableScan [TS_14] (rows=14398467 width=92)
                                                                default@web_returns,web_returns,Tbl:COMPLETE,Col:NONE,Output:["wr_returned_date_sk","wr_returning_customer_sk","wr_returning_addr_sk","wr_return_amt"]
                                                      <-Map 18 [SIMPLE_EDGE] vectorized
                                                        SHUFFLE [RS_225]
                                                          PartitionCols:_col0
                                                          Select Operator [SEL_223] (rows=36524 width=1119)
                                                            Output:["_col0"]
                                                            Filter Operator [FIL_222] (rows=36524 width=1119)
                                                              predicate:((d_year = 2002) and d_date_sk is not null)
                                                              TableScan [TS_17] (rows=73049 width=1119)
                                                                default@date_dim,date_dim,Tbl:COMPLETE,Col:NONE,Output:["d_date_sk","d_year"]
                        <-Reducer 8 [SIMPLE_EDGE] vectorized
                          SHUFFLE [RS_231]
                            PartitionCols:_col1
                            Select Operator [SEL_230] (rows=11000000 width=1014)
                              Output:["_col0","_col1","_col2"]
                              Group By Operator [GBY_229] (rows=11000000 width=1014)
                                Output:["_col0","_col1","_col2"],aggregations:["sum(VALUE._col0)"],keys:KEY._col0, KEY._col1
                              <-Reducer 7 [SIMPLE_EDGE]
                                SHUFFLE [RS_34]
                                  PartitionCols:_col0, _col1
                                  Group By Operator [GBY_33] (rows=22000000 width=1014)
                                    Output:["_col0","_col1","_col2"],aggregations:["sum(_col6)"],keys:_col1, _col3
                                    Select Operator [SEL_31] (rows=22000000 width=1014)
                                      Output:["_col1","_col3","_col6"]
                                      Merge Join Operator [MERGEJOIN_196] (rows=22000000 width=1014)
                                        Conds:RS_215._col0=RS_228._col1(Inner),Output:["_col1","_col2","_col3","_col5"]
                                      <-Reducer 15 [SIMPLE_EDGE] vectorized
                                        SHUFFLE [RS_228]
                                          PartitionCols:_col1
                                          Select Operator [SEL_227] (rows=7919157 width=92)
                                            Output:["_col0","_col1","_col2"]
                                            Group By Operator [GBY_226] (rows=7919157 width=92)
                                              Output:["_col0","_col1","_col2"],aggregations:["sum(VALUE._col0)"],keys:KEY._col0, KEY._col1
                                            <-Reducer 14 [SIMPLE_EDGE]
                                              SHUFFLE [RS_25]
                                                PartitionCols:_col0, _col1
                                                Group By Operator [GBY_24] (rows=15838314 width=92)
                                                  Output:["_col0","_col1","_col2"],aggregations:["sum(_col3)"],keys:_col2, _col1
                                                  Merge Join Operator [MERGEJOIN_194] (rows=15838314 width=92)
                                                    Conds:RS_220._col0=RS_224._col0(Inner),Output:["_col1","_col2","_col3"]
                                                  <-Map 13 [SIMPLE_EDGE] vectorized
                                                    SHUFFLE [RS_220]
                                                      PartitionCols:_col0
                                                      Select Operator [SEL_218] (rows=14398467 width=92)
                                                        Output:["_col0","_col1","_col2","_col3"]
                                                        Filter Operator [FIL_216] (rows=14398467 width=92)
                                                          predicate:(wr_returned_date_sk is not null and wr_returning_addr_sk is not null and wr_returning_customer_sk is not null)
                                                           Please refer to the previous TableScan [TS_14]
                                                  <-Map 18 [SIMPLE_EDGE] vectorized
                                                    SHUFFLE [RS_224]
                                                      PartitionCols:_col0
                                                       Please refer to the previous Select Operator [SEL_223]
                                      <-Reducer 6 [SIMPLE_EDGE] vectorized
                                        SHUFFLE [RS_215]
                                          PartitionCols:_col0
                                          Group By Operator [GBY_214] (rows=20000000 width=1014)
                                            Output:["_col0","_col1","_col2"],aggregations:["count(VALUE._col0)"],keys:KEY._col0, KEY._col1
                                          <-Map 5 [SIMPLE_EDGE] vectorized
                                            SHUFFLE [RS_212]
                                              PartitionCols:_col0, _col1
                                              Group By Operator [GBY_210] (rows=40000000 width=1014)
                                                Output:["_col0","_col1","_col2"],aggregations:["count()"],keys:_col0, _col1
                                                Select Operator [SEL_207] (rows=40000000 width=1014)
                                                  Output:["_col0","_col1"]
                                                  Filter Operator [FIL_204] (rows=40000000 width=1014)
                                                    predicate:(ca_address_sk is not null and ca_state is not null)
                                                     Please refer to the previous TableScan [TS_3]

