#### A masked pattern was here ####
PREHOOK: type: CREATETABLE
#### A masked pattern was here ####
PREHOOK: Output: database:default
PREHOOK: Output: default@texternal
#### A masked pattern was here ####
POSTHOOK: type: CREATETABLE
#### A masked pattern was here ####
POSTHOOK: Output: database:default
POSTHOOK: Output: default@texternal
#### A masked pattern was here ####
PREHOOK: type: ALTERTABLE_ADDPARTS
#### A masked pattern was here ####
PREHOOK: Output: default@texternal
#### A masked pattern was here ####
POSTHOOK: type: ALTERTABLE_ADDPARTS
#### A masked pattern was here ####
POSTHOOK: Output: default@texternal
POSTHOOK: Output: default@texternal@insertdate=2008-01-01
