PREHOOK: query: select
  cast('abc ' as varchar(10)) <> cast('abc' as varchar(10))
from src limit 1
PREHOOK: type: QUERY
PREHOOK: Input: default@src
#### A masked pattern was here ####
POSTHOOK: query: select
  cast('abc ' as varchar(10)) <> cast('abc' as varchar(10))
from src limit 1
POSTHOOK: type: QUERY
POSTHOOK: Input: default@src
#### A masked pattern was here ####
true
