FAILED: SemanticException [Error 10001]: Line 5:5 Table not found 'src'
